Name                                            Stmts   Miss  Cover
-------------------------------------------------------------------
backend\__init__.py                                 0      0   100%
backend\admin.py                                    6      0   100%
backend\apps.py                                     4      0   100%
backend\information\cities.py                       2      0   100%
backend\migrations\0001_initial.py                  6      0   100%
backend\migrations\__init__.py                      0      0   100%
backend\models.py                                  17      2    88%
backend\serializer.py                              10      0   100%
backend\tests.py                                    1      0   100%
backend\urls.py                                    10      0   100%
backend\views.py                                   45     19    58%
manage.py                                          12      2    83%
softuniada_project\__init__.py                      0      0   100%
softuniada_project\settings.py                     28      0   100%
softuniada_project\urls.py                          3      0   100%
testing_script.py                                   8      0   100%
tests\__init__.py                                   0      0   100%
tests\admin\__init__.py                             0      0   100%
tests\admin\test_admin_functionality_books.py       0      0   100%
tests\models\__init__.py                            0      0   100%
tests\models\test_book_model.py                    48     11    77%
-------------------------------------------------------------------
TOTAL                                             200     34    83%
